Archive member included because of file (symbol)

c:/program files/winavr/bin/../lib/gcc/avr/4.3.0/avr5\libgcc.a(_exit.o)
                              c:/program files/winavr/bin/../lib/gcc/avr/4.3.0/../../../../avr/lib/avr5/crtm32.o (exit)
c:/program files/winavr/bin/../lib/gcc/avr/4.3.0/avr5\libgcc.a(_copy_data.o)
                              uart.o (__do_copy_data)
c:/program files/winavr/bin/../lib/gcc/avr/4.3.0/avr5\libgcc.a(_clear_bss.o)
                              uart.o (__do_clear_bss)
c:/program files/winavr/bin/../lib/gcc/avr/4.3.0/avr5\libgcc.a(_fixunssfsi.o)
                              TurnDriver.o (__fixunssfsi)
c:/program files/winavr/bin/../lib/gcc/avr/4.3.0/avr5\libgcc.a(_addsub_sf.o)
                              c:/program files/winavr/bin/../lib/gcc/avr/4.3.0/avr5\libgcc.a(_fixunssfsi.o) (__subsf3)
c:/program files/winavr/bin/../lib/gcc/avr/4.3.0/avr5\libgcc.a(_mul_sf.o)
                              TurnDriver.o (__mulsf3)
c:/program files/winavr/bin/../lib/gcc/avr/4.3.0/avr5\libgcc.a(_gt_sf.o)
                              TurnDriver.o (__gtsf2)
c:/program files/winavr/bin/../lib/gcc/avr/4.3.0/avr5\libgcc.a(_ge_sf.o)
                              c:/program files/winavr/bin/../lib/gcc/avr/4.3.0/avr5\libgcc.a(_fixunssfsi.o) (__gesf2)
c:/program files/winavr/bin/../lib/gcc/avr/4.3.0/avr5\libgcc.a(_lt_sf.o)
                              TurnDriver.o (__ltsf2)
c:/program files/winavr/bin/../lib/gcc/avr/4.3.0/avr5\libgcc.a(_sf_to_si.o)
                              c:/program files/winavr/bin/../lib/gcc/avr/4.3.0/avr5\libgcc.a(_fixunssfsi.o) (__fixsfsi)
c:/program files/winavr/bin/../lib/gcc/avr/4.3.0/avr5\libgcc.a(_thenan_sf.o)
                              c:/program files/winavr/bin/../lib/gcc/avr/4.3.0/avr5\libgcc.a(_addsub_sf.o) (__thenan_sf)
c:/program files/winavr/bin/../lib/gcc/avr/4.3.0/avr5\libgcc.a(_usi_to_sf.o)
                              TurnDriver.o (__floatunsisf)
c:/program files/winavr/bin/../lib/gcc/avr/4.3.0/avr5\libgcc.a(_prologue.o)
                              c:/program files/winavr/bin/../lib/gcc/avr/4.3.0/avr5\libgcc.a(_addsub_sf.o) (__prologue_saves__)
c:/program files/winavr/bin/../lib/gcc/avr/4.3.0/avr5\libgcc.a(_epilogue.o)
                              c:/program files/winavr/bin/../lib/gcc/avr/4.3.0/avr5\libgcc.a(_addsub_sf.o) (__epilogue_restores__)
c:/program files/winavr/bin/../lib/gcc/avr/4.3.0/avr5\libgcc.a(_clzsi2.o)
                              c:/program files/winavr/bin/../lib/gcc/avr/4.3.0/avr5\libgcc.a(_usi_to_sf.o) (__clzsi2)
c:/program files/winavr/bin/../lib/gcc/avr/4.3.0/avr5\libgcc.a(_pack_sf.o)
                              c:/program files/winavr/bin/../lib/gcc/avr/4.3.0/avr5\libgcc.a(_addsub_sf.o) (__pack_f)
c:/program files/winavr/bin/../lib/gcc/avr/4.3.0/avr5\libgcc.a(_unpack_sf.o)
                              c:/program files/winavr/bin/../lib/gcc/avr/4.3.0/avr5\libgcc.a(_addsub_sf.o) (__unpack_f)
c:/program files/winavr/bin/../lib/gcc/avr/4.3.0/avr5\libgcc.a(_fpcmp_parts_sf.o)
                              c:/program files/winavr/bin/../lib/gcc/avr/4.3.0/avr5\libgcc.a(_gt_sf.o) (__fpcmp_parts_f)
c:/program files/winavr/bin/../lib/gcc/avr/4.3.0/avr5\libgcc.a(_clz.o)
                              c:/program files/winavr/bin/../lib/gcc/avr/4.3.0/avr5\libgcc.a(_clzsi2.o) (__clz_tab)

Memory Configuration

Name             Origin             Length             Attributes
text             0x00000000         0x00020000         xr
data             0x00800060         0x0000ffa0         rw !x
eeprom           0x00810000         0x00010000         rw !x
fuse             0x00820000         0x00000400         rw !x
lock             0x00830000         0x00000400         rw !x
signature        0x00840000         0x00000400         rw !x
*default*        0x00000000         0xffffffff

Linker script and memory map

LOAD c:/program files/winavr/bin/../lib/gcc/avr/4.3.0/../../../../avr/lib/avr5/crtm32.o
LOAD uart.o
LOAD QikMotors.o
LOAD TurnDriver.o
LOAD softUart.o
LOAD motors.o
LOAD main.o
LOAD c:/program files/winavr/bin/../lib/gcc/avr/4.3.0/avr5\libgcc.a
LOAD c:/program files/winavr/bin/../lib/gcc/avr/4.3.0/../../../../avr/lib/avr5\libc.a
LOAD c:/program files/winavr/bin/../lib/gcc/avr/4.3.0/avr5\libgcc.a

.hash
 *(.hash)

.dynsym
 *(.dynsym)

.dynstr
 *(.dynstr)

.gnu.version
 *(.gnu.version)

.gnu.version_d
 *(.gnu.version_d)

.gnu.version_r
 *(.gnu.version_r)

.rel.init
 *(.rel.init)

.rela.init
 *(.rela.init)

.rel.text
 *(.rel.text)
 *(.rel.text.*)
 *(.rel.gnu.linkonce.t*)

.rela.text
 *(.rela.text)
 *(.rela.text.*)
 *(.rela.gnu.linkonce.t*)

.rel.fini
 *(.rel.fini)

.rela.fini
 *(.rela.fini)

.rel.rodata
 *(.rel.rodata)
 *(.rel.rodata.*)
 *(.rel.gnu.linkonce.r*)

.rela.rodata
 *(.rela.rodata)
 *(.rela.rodata.*)
 *(.rela.gnu.linkonce.r*)

.rel.data
 *(.rel.data)
 *(.rel.data.*)
 *(.rel.gnu.linkonce.d*)

.rela.data
 *(.rela.data)
 *(.rela.data.*)
 *(.rela.gnu.linkonce.d*)

.rel.ctors
 *(.rel.ctors)

.rela.ctors
 *(.rela.ctors)

.rel.dtors
 *(.rel.dtors)

.rela.dtors
 *(.rela.dtors)

.rel.got
 *(.rel.got)

.rela.got
 *(.rela.got)

.rel.bss
 *(.rel.bss)

.rela.bss
 *(.rela.bss)

.rel.plt
 *(.rel.plt)

.rela.plt
 *(.rela.plt)

.text           0x00000000     0x157c
 *(.vectors)
 .vectors       0x00000000       0x54 c:/program files/winavr/bin/../lib/gcc/avr/4.3.0/../../../../avr/lib/avr5/crtm32.o
                0x00000000                __vectors
                0x00000000                __vector_default
 *(.vectors)
 *(.progmem.gcc*)
 *(.progmem*)
                0x00000054                . = ALIGN (0x2)
                0x00000054                __trampolines_start = .
 *(.trampolines)
 .trampolines   0x00000054        0x0 linker stubs
 *(.trampolines*)
                0x00000054                __trampolines_end = .
 *(.jumptables)
 *(.jumptables*)
 *(.lowtext)
 *(.lowtext*)
                0x00000054                __ctors_start = .
 *(.ctors)
                0x00000054                __ctors_end = .
                0x00000054                __dtors_start = .
 *(.dtors)
                0x00000054                __dtors_end = .
 SORT(*)(.ctors)
 SORT(*)(.dtors)
 *(.init0)
 .init0         0x00000054        0x0 c:/program files/winavr/bin/../lib/gcc/avr/4.3.0/../../../../avr/lib/avr5/crtm32.o
                0x00000054                __init
 *(.init0)
 *(.init1)
 *(.init1)
 *(.init2)
 .init2         0x00000054        0xc c:/program files/winavr/bin/../lib/gcc/avr/4.3.0/../../../../avr/lib/avr5/crtm32.o
 *(.init2)
 *(.init3)
 *(.init3)
 *(.init4)
 .init4         0x00000060       0x16 c:/program files/winavr/bin/../lib/gcc/avr/4.3.0/avr5\libgcc.a(_copy_data.o)
                0x00000060                __do_copy_data
 .init4         0x00000076       0x10 c:/program files/winavr/bin/../lib/gcc/avr/4.3.0/avr5\libgcc.a(_clear_bss.o)
                0x00000076                __do_clear_bss
 *(.init4)
 *(.init5)
 *(.init5)
 *(.init6)
 *(.init6)
 *(.init7)
 *(.init7)
 *(.init8)
 *(.init8)
 *(.init9)
 .init9         0x00000086        0x8 c:/program files/winavr/bin/../lib/gcc/avr/4.3.0/../../../../avr/lib/avr5/crtm32.o
 *(.init9)
 *(.text)
 .text          0x0000008e        0x4 c:/program files/winavr/bin/../lib/gcc/avr/4.3.0/../../../../avr/lib/avr5/crtm32.o
                0x0000008e                __vector_1
                0x0000008e                __vector_12
                0x0000008e                __bad_interrupt
                0x0000008e                __vector_6
                0x0000008e                __vector_3
                0x0000008e                __vector_17
                0x0000008e                __vector_19
                0x0000008e                __vector_7
                0x0000008e                __vector_5
                0x0000008e                __vector_4
                0x0000008e                __vector_9
                0x0000008e                __vector_2
                0x0000008e                __vector_15
                0x0000008e                __vector_8
                0x0000008e                __vector_10
                0x0000008e                __vector_16
                0x0000008e                __vector_18
                0x0000008e                __vector_20
 .text          0x00000092      0x186 uart.o
                0x000001b8                uart_puts
                0x000001e6                uart_puts_p
                0x00000092                __vector_13
                0x00000130                uart_init
                0x0000015a                uart_getc
                0x00000194                uart_putc
                0x000000e6                __vector_14
 .text          0x00000218       0xb6 QikMotors.o
                0x0000026c                motors_reverse
                0x0000028c                motors_forward
                0x00000218                set_config
                0x000002ac                motors_init
                0x0000024c                motors_stop
 .text          0x000002ce      0x1c4 TurnDriver.o
                0x00000384                turn_right
                0x000002ce                turn_left
                0x00000480                turn_driver_init
                0x0000043a                turn_release
 .text          0x00000492      0x222 softUart.o
                0x000006ac                SUART_TurnRxOff
                0x000005e8                SUART_Init
                0x0000068a                SUART_FlushInBuf
                0x00000494                __vector_11
                0x0000061a                SUART_GetChar
                0x00000492                idle
                0x000006a6                SUART_TurnRxOn
                0x00000654                SUART_PutChar
                0x00000694                SUART_Kbhit
 .text          0x000006b4       0xbc motors.o
                0x00000752                motorsStop
                0x000006de                motorsTurnFinal
                0x000006b4                motorsTurnInit
                0x000006ec                motorsLeft
                0x000006d0                motorsMoveFinal
                0x000006c2                motorsMoveInit
                0x00000740                motorsBackward
                0x000006fe                motorsRight
                0x00000710                motorsRelease
                0x0000072e                motorsForward
 .text          0x00000770      0x156 main.o
                0x0000078e                getComm
                0x000007b2                main
                0x00000790                start
                0x00000770                checkCommand
 .text          0x000008c6        0x0 c:/program files/winavr/bin/../lib/gcc/avr/4.3.0/avr5\libgcc.a(_exit.o)
 .text          0x000008c6        0x0 c:/program files/winavr/bin/../lib/gcc/avr/4.3.0/avr5\libgcc.a(_copy_data.o)
 .text          0x000008c6        0x0 c:/program files/winavr/bin/../lib/gcc/avr/4.3.0/avr5\libgcc.a(_clear_bss.o)
 .text          0x000008c6       0x58 c:/program files/winavr/bin/../lib/gcc/avr/4.3.0/avr5\libgcc.a(_fixunssfsi.o)
                0x000008c6                __fixunssfsi
 .text          0x0000091e      0x354 c:/program files/winavr/bin/../lib/gcc/avr/4.3.0/avr5\libgcc.a(_addsub_sf.o)
                0x00000bb6                __subsf3
                0x00000c18                __addsf3
 .text          0x00000c72      0x1f4 c:/program files/winavr/bin/../lib/gcc/avr/4.3.0/avr5\libgcc.a(_mul_sf.o)
                0x00000c72                __mulsf3
 .text          0x00000e66       0x60 c:/program files/winavr/bin/../lib/gcc/avr/4.3.0/avr5\libgcc.a(_gt_sf.o)
                0x00000e66                __gtsf2
 .text          0x00000ec6       0x60 c:/program files/winavr/bin/../lib/gcc/avr/4.3.0/avr5\libgcc.a(_ge_sf.o)
                0x00000ec6                __gesf2
 .text          0x00000f26       0x60 c:/program files/winavr/bin/../lib/gcc/avr/4.3.0/avr5\libgcc.a(_lt_sf.o)
                0x00000f26                __ltsf2
 .text          0x00000f86       0xa8 c:/program files/winavr/bin/../lib/gcc/avr/4.3.0/avr5\libgcc.a(_sf_to_si.o)
                0x00000f86                __fixsfsi
 .text          0x0000102e        0x0 c:/program files/winavr/bin/../lib/gcc/avr/4.3.0/avr5\libgcc.a(_thenan_sf.o)
 .text          0x0000102e       0xf2 c:/program files/winavr/bin/../lib/gcc/avr/4.3.0/avr5\libgcc.a(_usi_to_sf.o)
                0x0000102e                __floatunsisf
 .text          0x00001120        0x0 c:/program files/winavr/bin/../lib/gcc/avr/4.3.0/avr5\libgcc.a(_prologue.o)
 .text          0x00001120        0x0 c:/program files/winavr/bin/../lib/gcc/avr/4.3.0/avr5\libgcc.a(_epilogue.o)
 .text          0x00001120       0x9e c:/program files/winavr/bin/../lib/gcc/avr/4.3.0/avr5\libgcc.a(_clzsi2.o)
                0x00001120                __clzsi2
 .text          0x000011be      0x1aa c:/program files/winavr/bin/../lib/gcc/avr/4.3.0/avr5\libgcc.a(_pack_sf.o)
                0x000011be                __pack_f
 .text          0x00001368       0xf0 c:/program files/winavr/bin/../lib/gcc/avr/4.3.0/avr5\libgcc.a(_unpack_sf.o)
                0x00001368                __unpack_f
 .text          0x00001458       0xb2 c:/program files/winavr/bin/../lib/gcc/avr/4.3.0/avr5\libgcc.a(_fpcmp_parts_sf.o)
                0x00001458                __fpcmp_parts_f
 .text          0x0000150a        0x0 c:/program files/winavr/bin/../lib/gcc/avr/4.3.0/avr5\libgcc.a(_clz.o)
                0x0000150a                . = ALIGN (0x2)
 *(.text.*)
 .text.libgcc   0x0000150a        0x0 c:/program files/winavr/bin/../lib/gcc/avr/4.3.0/avr5\libgcc.a(_exit.o)
 .text.libgcc   0x0000150a        0x0 c:/program files/winavr/bin/../lib/gcc/avr/4.3.0/avr5\libgcc.a(_copy_data.o)
 .text.libgcc   0x0000150a        0x0 c:/program files/winavr/bin/../lib/gcc/avr/4.3.0/avr5\libgcc.a(_clear_bss.o)
 .text.libgcc   0x0000150a       0x38 c:/program files/winavr/bin/../lib/gcc/avr/4.3.0/avr5\libgcc.a(_prologue.o)
                0x0000150a                __prologue_saves__
 .text.libgcc   0x00001542       0x36 c:/program files/winavr/bin/../lib/gcc/avr/4.3.0/avr5\libgcc.a(_epilogue.o)
                0x00001542                __epilogue_restores__
                0x00001578                . = ALIGN (0x2)
 *(.fini9)
 .fini9         0x00001578        0x0 c:/program files/winavr/bin/../lib/gcc/avr/4.3.0/avr5\libgcc.a(_exit.o)
                0x00001578                exit
                0x00001578                _exit
 *(.fini9)
 *(.fini8)
 *(.fini8)
 *(.fini7)
 *(.fini7)
 *(.fini6)
 *(.fini6)
 *(.fini5)
 *(.fini5)
 *(.fini4)
 *(.fini4)
 *(.fini3)
 *(.fini3)
 *(.fini2)
 *(.fini2)
 *(.fini1)
 *(.fini1)
 *(.fini0)
 .fini0         0x00001578        0x4 c:/program files/winavr/bin/../lib/gcc/avr/4.3.0/avr5\libgcc.a(_exit.o)
 *(.fini0)
                0x0000157c                _etext = .

.data           0x00800060      0x10e load address 0x0000157c
                0x00800060                PROVIDE (__data_start, .)
 *(.data)
 .data          0x00800060        0x0 c:/program files/winavr/bin/../lib/gcc/avr/4.3.0/../../../../avr/lib/avr5/crtm32.o
 .data          0x00800060        0x0 uart.o
 .data          0x00800060        0x0 QikMotors.o
 .data          0x00800060        0x0 TurnDriver.o
 .data          0x00800060        0x0 softUart.o
 .data          0x00800060        0x0 motors.o
 .data          0x00800060        0x6 main.o
 .data          0x00800066        0x0 c:/program files/winavr/bin/../lib/gcc/avr/4.3.0/avr5\libgcc.a(_exit.o)
 .data          0x00800066        0x0 c:/program files/winavr/bin/../lib/gcc/avr/4.3.0/avr5\libgcc.a(_copy_data.o)
 .data          0x00800066        0x0 c:/program files/winavr/bin/../lib/gcc/avr/4.3.0/avr5\libgcc.a(_clear_bss.o)
 .data          0x00800066        0x0 c:/program files/winavr/bin/../lib/gcc/avr/4.3.0/avr5\libgcc.a(_fixunssfsi.o)
 .data          0x00800066        0x0 c:/program files/winavr/bin/../lib/gcc/avr/4.3.0/avr5\libgcc.a(_addsub_sf.o)
 .data          0x00800066        0x0 c:/program files/winavr/bin/../lib/gcc/avr/4.3.0/avr5\libgcc.a(_mul_sf.o)
 .data          0x00800066        0x0 c:/program files/winavr/bin/../lib/gcc/avr/4.3.0/avr5\libgcc.a(_gt_sf.o)
 .data          0x00800066        0x0 c:/program files/winavr/bin/../lib/gcc/avr/4.3.0/avr5\libgcc.a(_ge_sf.o)
 .data          0x00800066        0x0 c:/program files/winavr/bin/../lib/gcc/avr/4.3.0/avr5\libgcc.a(_lt_sf.o)
 .data          0x00800066        0x0 c:/program files/winavr/bin/../lib/gcc/avr/4.3.0/avr5\libgcc.a(_sf_to_si.o)
 .data          0x00800066        0x8 c:/program files/winavr/bin/../lib/gcc/avr/4.3.0/avr5\libgcc.a(_thenan_sf.o)
                0x00800066                __thenan_sf
 .data          0x0080006e        0x0 c:/program files/winavr/bin/../lib/gcc/avr/4.3.0/avr5\libgcc.a(_usi_to_sf.o)
 .data          0x0080006e        0x0 c:/program files/winavr/bin/../lib/gcc/avr/4.3.0/avr5\libgcc.a(_prologue.o)
 .data          0x0080006e        0x0 c:/program files/winavr/bin/../lib/gcc/avr/4.3.0/avr5\libgcc.a(_epilogue.o)
 .data          0x0080006e        0x0 c:/program files/winavr/bin/../lib/gcc/avr/4.3.0/avr5\libgcc.a(_clzsi2.o)
 .data          0x0080006e        0x0 c:/program files/winavr/bin/../lib/gcc/avr/4.3.0/avr5\libgcc.a(_pack_sf.o)
 .data          0x0080006e        0x0 c:/program files/winavr/bin/../lib/gcc/avr/4.3.0/avr5\libgcc.a(_unpack_sf.o)
 .data          0x0080006e        0x0 c:/program files/winavr/bin/../lib/gcc/avr/4.3.0/avr5\libgcc.a(_fpcmp_parts_sf.o)
 .data          0x0080006e      0x100 c:/program files/winavr/bin/../lib/gcc/avr/4.3.0/avr5\libgcc.a(_clz.o)
                0x0080006e                __clz_tab
 *(.data*)
 *(.rodata)
 *(.rodata*)
 *(.gnu.linkonce.d*)
                0x0080016e                . = ALIGN (0x2)
                0x0080016e                _edata = .
                0x0080016e                PROVIDE (__data_end, .)

.bss            0x0080016e       0x7a load address 0x0000168a
                0x0080016e                PROVIDE (__bss_start, .)
 *(.bss)
 .bss           0x0080016e        0x0 c:/program files/winavr/bin/../lib/gcc/avr/4.3.0/../../../../avr/lib/avr5/crtm32.o
 .bss           0x0080016e       0x45 uart.o
 .bss           0x008001b3        0x0 QikMotors.o
 .bss           0x008001b3        0x0 TurnDriver.o
 .bss           0x008001b3       0x31 softUart.o
 .bss           0x008001e4        0x0 motors.o
 .bss           0x008001e4        0x4 main.o
 .bss           0x008001e8        0x0 c:/program files/winavr/bin/../lib/gcc/avr/4.3.0/avr5\libgcc.a(_exit.o)
 .bss           0x008001e8        0x0 c:/program files/winavr/bin/../lib/gcc/avr/4.3.0/avr5\libgcc.a(_copy_data.o)
 .bss           0x008001e8        0x0 c:/program files/winavr/bin/../lib/gcc/avr/4.3.0/avr5\libgcc.a(_clear_bss.o)
 .bss           0x008001e8        0x0 c:/program files/winavr/bin/../lib/gcc/avr/4.3.0/avr5\libgcc.a(_fixunssfsi.o)
 .bss           0x008001e8        0x0 c:/program files/winavr/bin/../lib/gcc/avr/4.3.0/avr5\libgcc.a(_addsub_sf.o)
 .bss           0x008001e8        0x0 c:/program files/winavr/bin/../lib/gcc/avr/4.3.0/avr5\libgcc.a(_mul_sf.o)
 .bss           0x008001e8        0x0 c:/program files/winavr/bin/../lib/gcc/avr/4.3.0/avr5\libgcc.a(_gt_sf.o)
 .bss           0x008001e8        0x0 c:/program files/winavr/bin/../lib/gcc/avr/4.3.0/avr5\libgcc.a(_ge_sf.o)
 .bss           0x008001e8        0x0 c:/program files/winavr/bin/../lib/gcc/avr/4.3.0/avr5\libgcc.a(_lt_sf.o)
 .bss           0x008001e8        0x0 c:/program files/winavr/bin/../lib/gcc/avr/4.3.0/avr5\libgcc.a(_sf_to_si.o)
 .bss           0x008001e8        0x0 c:/program files/winavr/bin/../lib/gcc/avr/4.3.0/avr5\libgcc.a(_thenan_sf.o)
 .bss           0x008001e8        0x0 c:/program files/winavr/bin/../lib/gcc/avr/4.3.0/avr5\libgcc.a(_usi_to_sf.o)
 .bss           0x008001e8        0x0 c:/program files/winavr/bin/../lib/gcc/avr/4.3.0/avr5\libgcc.a(_prologue.o)
 .bss           0x008001e8        0x0 c:/program files/winavr/bin/../lib/gcc/avr/4.3.0/avr5\libgcc.a(_epilogue.o)
 .bss           0x008001e8        0x0 c:/program files/winavr/bin/../lib/gcc/avr/4.3.0/avr5\libgcc.a(_clzsi2.o)
 .bss           0x008001e8        0x0 c:/program files/winavr/bin/../lib/gcc/avr/4.3.0/avr5\libgcc.a(_pack_sf.o)
 .bss           0x008001e8        0x0 c:/program files/winavr/bin/../lib/gcc/avr/4.3.0/avr5\libgcc.a(_unpack_sf.o)
 .bss           0x008001e8        0x0 c:/program files/winavr/bin/../lib/gcc/avr/4.3.0/avr5\libgcc.a(_fpcmp_parts_sf.o)
 .bss           0x008001e8        0x0 c:/program files/winavr/bin/../lib/gcc/avr/4.3.0/avr5\libgcc.a(_clz.o)
 *(.bss*)
 *(COMMON)
                0x008001e8                PROVIDE (__bss_end, .)
                0x0000157c                __data_load_start = LOADADDR (.data)
                0x0000168a                __data_load_end = (__data_load_start + SIZEOF (.data))

.noinit         0x008001e8        0x0
                0x008001e8                PROVIDE (__noinit_start, .)
 *(.noinit*)
                0x008001e8                PROVIDE (__noinit_end, .)
                0x008001e8                _end = .
                0x008001e8                PROVIDE (__heap_start, .)

.eeprom         0x00810000        0x0
 *(.eeprom*)
                0x00810000                __eeprom_end = .

.fuse
 *(.fuse)
 *(.lfuse)
 *(.hfuse)
 *(.efuse)

.lock
 *(.lock*)

.signature
 *(.signature*)

.stab
 *(.stab)

.stabstr
 *(.stabstr)

.stab.excl
 *(.stab.excl)

.stab.exclstr
 *(.stab.exclstr)

.stab.index
 *(.stab.index)

.stab.indexstr
 *(.stab.indexstr)

.comment
 *(.comment)

.debug
 *(.debug)

.line
 *(.line)

.debug_srcinfo
 *(.debug_srcinfo)

.debug_sfnames
 *(.debug_sfnames)

.debug_aranges  0x00000000       0xc0
 *(.debug_aranges)
 .debug_aranges
                0x00000000       0x20 uart.o
 .debug_aranges
                0x00000020       0x20 QikMotors.o
 .debug_aranges
                0x00000040       0x20 TurnDriver.o
 .debug_aranges
                0x00000060       0x20 softUart.o
 .debug_aranges
                0x00000080       0x20 motors.o
 .debug_aranges
                0x000000a0       0x20 main.o

.debug_pubnames
                0x00000000      0x2e7
 *(.debug_pubnames)
 .debug_pubnames
                0x00000000       0x7a uart.o
 .debug_pubnames
                0x0000007a       0x67 QikMotors.o
 .debug_pubnames
                0x000000e1       0x55 TurnDriver.o
 .debug_pubnames
                0x00000136       0xaa softUart.o
 .debug_pubnames
                0x000001e0       0xc5 motors.o
 .debug_pubnames
                0x000002a5       0x42 main.o

.debug_info     0x00000000      0xde6
 *(.debug_info)
 .debug_info    0x00000000      0x322 uart.o
 .debug_info    0x00000322      0x1ea QikMotors.o
 .debug_info    0x0000050c      0x24f TurnDriver.o
 .debug_info    0x0000075b      0x2ec softUart.o
 .debug_info    0x00000a47      0x1c9 motors.o
 .debug_info    0x00000c10      0x1d6 main.o
 *(.gnu.linkonce.wi.*)

.debug_abbrev   0x00000000      0x630
 *(.debug_abbrev)
 .debug_abbrev  0x00000000      0x1a9 uart.o
 .debug_abbrev  0x000001a9       0xdb QikMotors.o
 .debug_abbrev  0x00000284      0x110 TurnDriver.o
 .debug_abbrev  0x00000394      0x105 softUart.o
 .debug_abbrev  0x00000499       0x86 motors.o
 .debug_abbrev  0x0000051f      0x111 main.o

.debug_line     0x00000000      0xe65
 *(.debug_line)
 .debug_line    0x00000000      0x27d uart.o
 .debug_line    0x0000027d      0x21c QikMotors.o
 .debug_line    0x00000499      0x2e4 TurnDriver.o
 .debug_line    0x0000077d      0x2fa softUart.o
 .debug_line    0x00000a77      0x220 motors.o
 .debug_line    0x00000c97      0x1ce main.o

.debug_frame    0x00000000      0x2d0
 *(.debug_frame)
 .debug_frame   0x00000000       0x80 uart.o
 .debug_frame   0x00000080       0x60 QikMotors.o
 .debug_frame   0x000000e0       0x50 TurnDriver.o
 .debug_frame   0x00000130       0xa0 softUart.o
 .debug_frame   0x000001d0       0xb0 motors.o
 .debug_frame   0x00000280       0x50 main.o

.debug_str      0x00000000      0x4f1
 *(.debug_str)
 .debug_str     0x00000000      0x1a3 uart.o
                                0x1dc (size before relaxing)
 .debug_str     0x000001a3       0xa2 QikMotors.o
                                0x17e (size before relaxing)
 .debug_str     0x00000245       0x43 TurnDriver.o
                                0x159 (size before relaxing)
 .debug_str     0x00000288      0x183 softUart.o
                                0x260 (size before relaxing)
 .debug_str     0x0000040b       0x97 motors.o
                                0x16a (size before relaxing)
 .debug_str     0x000004a2       0x4f main.o
                                0x127 (size before relaxing)

.debug_loc      0x00000000      0x486
 *(.debug_loc)
 .debug_loc     0x00000000      0x146 uart.o
 .debug_loc     0x00000146       0xf2 QikMotors.o
 .debug_loc     0x00000238      0x1cc TurnDriver.o
 .debug_loc     0x00000404       0x4c softUart.o
 .debug_loc     0x00000450       0x36 main.o

.debug_macinfo
 *(.debug_macinfo)
OUTPUT(tracker.elf elf32-avr)
LOAD linker stubs

.debug_ranges   0x00000000       0x30
 .debug_ranges  0x00000000       0x30 uart.o
